*****************************************************
TMS320C3x/4x COFF Linker        Version 4.70
*****************************************************
Thu Jun 10 02:35:55 1999

OUTPUT FILE NAME:   <videodev.out>
ENTRY POINT SYMBOL: "_c_int00"  address: 0031c357


MEMORY CONFIGURATION

           name     origin    length      used    attributes    fill
         --------  --------  ---------  --------  ----------  --------
         RAM0      002ff800  000000400  00000000     RWIX      
         RAM1      002ffc00  000000400  00000000     RWIX      
         LocalRAM  00300000  000100000  000611d8     RWIX      


SECTION ALLOCATION MAP

 output                                  attributes/
section   page    origin      length       input sections
--------  ----  ----------  ----------   ----------------
.vector    0    00300000    00000040     UNINITIALIZED
                  00300000    00000040     prts40.lib : intvars.obj (.vector)

.cinit     0    00300040    0000a0e5     
                  00300040    0000000a     stat.obj (.cinit)
                  0030004a    00000038     graph.obj (.cinit)
                  00300082    00009c45     esiee.obj (.cinit)
                  00309cc7    0000001e     videodev.obj (.cinit)
                  00309ce5    00000005     deriche.obj (.cinit)
                  00309cea    00000003     fc.obj (.cinit)
                  00309ced    00000017     main.obj (.cinit)
                  00309d04    00000003     pace.lib : errno.obj (.cinit)
                  00309d07    00000006              : exit.obj (.cinit)
                  00309d0d    00000009              : exp.obj (.cinit)
                  00309d16    00000019              : strtod.obj (.cinit)
                  00309d2f    00000008              : startup.obj (.cinit)
                  00309d37    00000003              : start.obj (.cinit)
                  00309d3a    00000003              : isxxx.obj (.cinit)
                  00309d3d    0000000d              : pow.obj (.cinit)
                  00309d4a    00000103              : ctype.obj (.cinit)
                  00309e4d    00000003     tops.lib : close.obj (.cinit)
                  00309e50    00000004              : flhandls.obj (.cinit)
                  00309e54    00000003              : open.obj (.cinit)
                  00309e57    00000003              : write.obj (.cinit)
                  00309e5a    0000000a              : topenlnk.obj (.cinit)
                  00309e64    00000003              : printf.obj (.cinit)
                  00309e67    00000003              : scanf.obj (.cinit)
                  00309e6a    0000004b              : stdfiles.obj (.cinit)
                  00309eb5    00000017              : fileops.obj (.cinit)
                  00309ecc    00000003              : filedoalloc.obj (.cinit)
                  00309ecf    00000003              : iovsprintf.obj (.cinit)
                  00309ed2    00000015              : strops.obj (.cinit)
                  00309ee7    00000003              : iofopen.obj (.cinit)
                  00309eea    00000007              : iofclose.obj (.cinit)
                  00309ef1    0000001a              : iovfscanf.obj (.cinit)
                  00309f0b    00000004              : ioungetc.obj (.cinit)
                  00309f0f    0000001d              : iovfprintf.obj (.cinit)
                  00309f2c    00000006              : ioperror.obj (.cinit)
                  00309f32    00000006              : cleanup.obj (.cinit)
                  00309f38    00000003              : read.obj (.cinit)
                  00309f3b    00000003              : lseek.obj (.cinit)
                  00309f3e    00000003              : fstat.obj (.cinit)
                  00309f41    00000004              : genops.obj (.cinit)
                  00309f45    00000028              : iopadn.obj (.cinit)
                  00309f6d    00000004              : iofprintf.obj (.cinit)
                  00309f71    0000008d     trig.lib : t_debug.obj (.cinit)
                  00309ffe    00000005              : t_font.obj (.cinit)
                  0030a003    00000007              : t_font2.obj (.cinit)
                  0030a00a    00000003              : t_gc.obj (.cinit)
                  0030a00d    00000005              : t_clut.obj (.cinit)
                  0030a012    00000007              : font.obj (.cinit)
                  0030a019    00000005              : initwin.obj (.cinit)
                  0030a01e    00000003              : 32to32.obj (.cinit)
                  0030a021    00000009              : 32to8.obj (.cinit)
                  0030a02a    00000006              : clr2d.obj (.cinit)
                  0030a030    00000005              : line.obj (.cinit)
                  0030a035    00000005              : pixel.obj (.cinit)
                  0030a03a    00000004              : t_clip2D.obj (.cinit)
                  0030a03e    00000008     tdm435.lib : default.obj (.cinit)
                  0030a046    00000003                : capture.obj (.cinit)
                  0030a049    0000000e                : register.obj (.cinit)
                  0030a057    00000003                : ints.obj (.cinit)
                  0030a05a    0000000a                : tdm435.obj (.cinit)
                  0030a064    00000066                : regaddrs.obj (.cinit)
                  0030a0ca    00000003     prts40.lib : rst_vect.obj (.cinit)
                  0030a0cd    00000003                : set_ivtp.obj (.cinit)
                  0030a0d0    00000003                : set_vect.obj (.cinit)
                  0030a0d3    00000005                : alarm.obj (.cinit)
                  0030a0d8    00000008                : rec_msg.obj (.cinit)
                  0030a0e0    00000009                : send_msg.obj (.cinit)
                  0030a0e9    00000003                : t_start.obj (.cinit)
                  0030a0ec    00000003                : t_stop.obj (.cinit)
                  0030a0ef    00000005                : chk_dma.obj (.cinit)
                  0030a0f4    0000000a     pace.lib : memory.obj (.cinit)
                  0030a0fe    00000003              : strerror.obj (.cinit)
                  0030a101    00000004              : strtol.obj (.cinit)
                  0030a105    0000000b     comport.lib : comport.obj (.cinit)
                  0030a110    00000004                 : inicport.obj (.cinit)
                  0030a114    0000000c                 : c40.obj (.cinit)
                  0030a120    00000004     tops.lib : fgetc.obj (.cinit)
                  0030a124    00000001     --HOLE-- [fill = 00000000]

.const     0    0030a125    0000072d     
                  0030a125    0000003f     stat.obj (.const)
                  0030a164    000000f6     graph.obj (.const)
                  0030a25a    00000070     videodev.obj (.const)
                  0030a2ca    00000193     main.obj (.const)
                  0030a45d    00000002     pace.lib : startup.obj (.const)
                  0030a45f    00000004     tops.lib : topenlnk.obj (.const)
                  0030a463    00000006              : iovfscanf.obj (.const)
                  0030a469    00000040              : iovfprintf.obj (.const)
                  0030a4a9    00000009              : ioperror.obj (.const)
                  0030a4b2    0000033d     trig.lib : t_debug.obj (.const)
                  0030a7ef    0000000a              : t_font.obj (.const)
                  0030a7f9    00000017              : t_font2.obj (.const)
                  0030a810    0000001b              : font.obj (.const)
                  0030a82b    00000006              : 32to32.obj (.const)
                  0030a831    00000006              : 32to8.obj (.const)
                  0030a837    0000000d     pace.lib : strerror.obj (.const)
                  0030a844    00000008     comport.lib : comport.obj (.const)
                  0030a84c    00000006                 : c40.obj (.const)

.stack     0    0030a852    00004000     UNINITIALIZED
                  0030a852    00000000     pace.lib : boot.obj (.stack)

.data      0    0030e852    00000106     
                  0030e852    00000000     AF00039.OXL (.data)
                  0030e852    00000000     pace.lib : atoi.obj (.data)
                  0030e852    00000000     tops.lib : fprintf.obj (.data)
                  0030e852    00000000              : fgetc.obj (.data)
                  0030e852    00000000              : getenv.obj (.data)
                  0030e852    00000000     comport.lib : c40.obj (.data)
                  0030e852    00000000                 : inicport.obj (.data)
                  0030e852    00000000                 : comport.obj (.data)
                  0030e852    00000000     pace.lib : memcpy.obj (.data)
                  0030e852    00000000              : strtoul.obj (.data)
                  0030e852    00000000              : strtol.obj (.data)
                  0030e852    00000000              : strerror.obj (.data)
                  0030e852    00000000              : memory.obj (.data)
                  0030e852    00000000              : memmov.obj (.data)
                  0030e852    00000000              : modu.obj (.data)
                  0030e852    00000000              : modi.obj (.data)
                  0030e852    00000000              : modf30.obj (.data)
                  0030e852    00000000     prts40.lib : dmavars.obj (.data)
                  0030e852    00000000                : cpvars.obj (.data)
                  0030e852    00000000                : chk_dma.obj (.data)
                  0030e852    00000000                : die_set.obj (.data)
                  0030e852    00000000                : t_stop.obj (.data)
                  0030e852    00000000                : t_start.obj (.data)
                  0030e852    00000000                : send_msg.obj (.data)
                  0030e852    00000000                : rec_msg.obj (.data)
                  0030e852    00000000                : intvars.obj (.data)
                  0030e852    00000000                : int_ivtp.obj (.data)
                  0030e852    00000000                : alarm.obj (.data)
                  0030e852    00000000                : set_vect.obj (.data)
                  0030e852    00000000                : set_ivtp.obj (.data)
                  0030e852    00000000                : set_iie.obj (.data)
                  0030e852    00000000                : rst_vect.obj (.data)
                  0030e852    00000000                : rst_iie.obj (.data)
                  0030e852    00000000     tdm435.lib : regaddrs.obj (.data)
                  0030e852    00000000                : c40reg.obj (.data)
                  0030e852    00000000                : tdm435.obj (.data)
                  0030e852    00000000                : ints.obj (.data)
                  0030e852    00000000                : d_new.obj (.data)
                  0030e852    00000000                : register.obj (.data)
                  0030e852    00000000                : capture.obj (.data)
                  0030e852    00000000                : default.obj (.data)
                  0030e852    00000000                : display.obj (.data)
                  0030e852    00000000     trig.lib : t_util1.obj (.data)
                  0030e852    00000000              : t_clip2D.obj (.data)
                  0030e852    00000000              : pixel.obj (.data)
                  0030e852    00000000              : line.obj (.data)
                  0030e852    00000000              : t_line.obj (.data)
                  0030e852    00000000              : clr2d.obj (.data)
                  0030e852    00000000              : 32to8.obj (.data)
                  0030e852    00000000              : 32to32.obj (.data)
                  0030e852    00000000              : gc_font.obj (.data)
                  0030e852    00000000              : freefont.obj (.data)
                  0030e852    00000000              : initwin.obj (.data)
                  0030e852    00000000              : initdisp.obj (.data)
                  0030e852    00000000              : rect.obj (.data)
                  0030e852    00000000              : font2.obj (.data)
                  0030e852    00000000              : font.obj (.data)
                  0030e852    00000000              : t_new.obj (.data)
                  0030e852    00000000              : t_capt.obj (.data)
                  0030e852    00000000              : t_gc2.obj (.data)
                  0030e852    00000000              : t_disp.obj (.data)
                  0030e852    00000000              : t_clut.obj (.data)
                  0030e852    00000000              : t_win2.obj (.data)
                  0030e852    00000000              : t_rect.obj (.data)
                  0030e852    00000000              : t_gc.obj (.data)
                  0030e852    00000000              : t_font2.obj (.data)
                  0030e852    00000000              : t_font.obj (.data)
                  0030e852    00000000              : t_debug.obj (.data)
                  0030e852    00000000     tops.lib : iofprintf.obj (.data)
                  0030e852    00000000              : iopadn.obj (.data)
                  0030e852    00000000              : genops.obj (.data)
                  0030e852    00000000              : isatty.obj (.data)
                  0030e852    00000000              : fstat.obj (.data)
                  0030e852    00000000              : lseek.obj (.data)
                  0030e852    00000000              : read.obj (.data)
                  0030e852    00000000              : cleanup.obj (.data)
                  0030e852    00000000              : iostrerror.obj (.data)
                  0030e852    00000000              : ioperror.obj (.data)
                  0030e852    00000000              : iovfprintf.obj (.data)
                  0030e852    00000000              : ioungetc.obj (.data)
                  0030e852    00000000              : iovfscanf.obj (.data)
                  0030e852    00000000              : iofclose.obj (.data)
                  0030e852    00000000              : iofopen.obj (.data)
                  0030e852    00000000              : strops.obj (.data)
                  0030e852    00000000              : iovsprintf.obj (.data)
                  0030e852    00000000              : filedoalloc.obj (.data)
                  0030e852    00000000              : ioprims.obj (.data)
                  0030e852    00000000              : fileops.obj (.data)
                  0030e852    00000000              : stdfiles.obj (.data)
                  0030e852    00000000              : exitterm.obj (.data)
                  0030e852    00000000              : fopen.obj (.data)
                  0030e852    00000000              : sprintf.obj (.data)
                  0030e852    00000000              : fclose.obj (.data)
                  0030e852    00000000              : perror.obj (.data)
                  0030e852    00000000              : fscanf.obj (.data)
                  0030e852    00000000              : scanf.obj (.data)
                  0030e852    00000000              : printf.obj (.data)
                  0030e852    00000000              : topenlnk.obj (.data)
                  0030e852    00000000              : unpack.obj (.data)
                  0030e852    00000000              : pack.obj (.data)
                  0030e852    00000000              : write.obj (.data)
                  0030e852    00000000              : open.obj (.data)
                  0030e852    00000000              : flhandls.obj (.data)
                  0030e852    00000000              : close.obj (.data)
                  0030e852    00000000     pace.lib : strspn.obj (.data)
                  0030e852    00000000              : strcspn.obj (.data)
                  0030e852    00000000              : ctype.obj (.data)
                  0030e852    00000000              : frexp30.obj (.data)
                  0030e852    00000000              : strtok.obj (.data)
                  0030e852    00000000              : pow.obj (.data)
                  0030e852    00000000              : isxxx.obj (.data)
                  0030e852    00000000              : ldexp30.obj (.data)
                  0030e852    00000000              : invf.obj (.data)
                  0030e852    00000000              : start.obj (.data)
                  0030e852    00000000              : startup.obj (.data)
                  0030e852    00000000              : toxxx.obj (.data)
                  0030e852    00000000              : strtod.obj (.data)
                  0030e852    00000000              : exp.obj (.data)
                  0030e852    00000000              : exit.obj (.data)
                  0030e852    00000000              : errno.obj (.data)
                  0030e852    00000000              : atof.obj (.data)
                  0030e852    00000000              : sqrt30.obj (.data)
                  0030e852    00000000              : divu.obj (.data)
                  0030e852    00000000              : divi.obj (.data)
                  0030e852    00000000     main.obj (.data)
                  0030e852    00000000     fc.obj (.data)
                  0030e852    00000000     threshol.obj (.data)
                  0030e852    00000000     deriche.obj (.data)
                  0030e852    00000000     videodev.obj (.data)
                  0030e852    00000000     esiee.obj (.data)
                  0030e852    00000000     graph.obj (.data)
                  0030e852    00000000     stat.obj (.data)
                  0030e852    00000106     pace.lib : boot.obj (.data)

.bss       0    00310000    0000b765     UNINITIALIZED
                  00310000    00000000     AF00039.OXL (.bss)
                  00310000    00000000     pace.lib : atoi.obj (.bss)
                  00310000    00000000     tops.lib : fprintf.obj (.bss)
                  00310000    00000000              : getenv.obj (.bss)
                  00310000    00000000     pace.lib : memcpy.obj (.bss)
                  00310000    00000000              : strtoul.obj (.bss)
                  00310000    00000000              : memmov.obj (.bss)
                  00310000    00000000              : modu.obj (.bss)
                  00310000    00000000              : modi.obj (.bss)
                  00310000    00000000              : modf30.obj (.bss)
                  00310000    00000000     prts40.lib : die_set.obj (.bss)
                  00310000    00000000                : intvars.obj (.bss)
                  00310000    00000000                : set_iie.obj (.bss)
                  00310000    00000000                : rst_iie.obj (.bss)
                  00310000    00000000     tdm435.lib : c40reg.obj (.bss)
                  00310000    00000000                : d_new.obj (.bss)
                  00310000    00000000                : display.obj (.bss)
                  00310000    00000000     trig.lib : t_util1.obj (.bss)
                  00310000    00000000              : t_line.obj (.bss)
                  00310000    00000000              : gc_font.obj (.bss)
                  00310000    00000000              : freefont.obj (.bss)
                  00310000    00000000              : initdisp.obj (.bss)
                  00310000    00000000              : rect.obj (.bss)
                  00310000    00000000              : font2.obj (.bss)
                  00310000    00000000              : t_new.obj (.bss)
                  00310000    00000000              : t_capt.obj (.bss)
                  00310000    00000000              : t_gc2.obj (.bss)
                  00310000    00000000              : t_disp.obj (.bss)
                  00310000    00000000              : t_win2.obj (.bss)
                  00310000    00000000              : t_rect.obj (.bss)
                  00310000    00000000     tops.lib : isatty.obj (.bss)
                  00310000    00000000              : iostrerror.obj (.bss)
                  00310000    00000000              : ioprims.obj (.bss)
                  00310000    00000000              : exitterm.obj (.bss)
                  00310000    00000000              : fopen.obj (.bss)
                  00310000    00000000              : sprintf.obj (.bss)
                  00310000    00000000              : fclose.obj (.bss)
                  00310000    00000000              : perror.obj (.bss)
                  00310000    00000000              : fscanf.obj (.bss)
                  00310000    00000000              : unpack.obj (.bss)
                  00310000    00000000              : pack.obj (.bss)
                  00310000    00000000     pace.lib : strspn.obj (.bss)
                  00310000    00000000              : strcspn.obj (.bss)
                  00310000    00000000              : frexp30.obj (.bss)
                  00310000    00000000              : ldexp30.obj (.bss)
                  00310000    00000000              : invf.obj (.bss)
                  00310000    00000000              : toxxx.obj (.bss)
                  00310000    00000000              : atof.obj (.bss)
                  00310000    00000000              : sqrt30.obj (.bss)
                  00310000    00000000              : divu.obj (.bss)
                  00310000    00000000              : divi.obj (.bss)
                  00310000    00000000              : boot.obj (.bss)
                  00310000    00000000     threshol.obj (.bss)
                  00310000    00000072     stat.obj (.bss)
                  00310072    0000003b     graph.obj (.bss)
                  003100ad    00009c41     esiee.obj (.bss)
                  00319cee    00000012     videodev.obj (.bss)
                  00319d00    00000003     deriche.obj (.bss)
                  00319d03    00001001     fc.obj (.bss)
                  0031ad04    00000015     main.obj (.bss)
                  0031ad19    00000001     pace.lib : errno.obj (.bss)
                  0031ad1a    00000022              : exit.obj (.bss)
                  0031ad3c    00000007              : exp.obj (.bss)
                  0031ad43    00000013              : strtod.obj (.bss)
                  0031ad56    00000048              : startup.obj (.bss)
                  0031ad9e    00000001              : start.obj (.bss)
                  0031ad9f    00000001              : isxxx.obj (.bss)
                  0031ada0    0000000b              : pow.obj (.bss)
                  0031adab    00000001              : strtok.obj (.bss)
                  0031adac    00000101              : ctype.obj (.bss)
                  0031aead    00000001     tops.lib : close.obj (.bss)
                  0031aeae    00000016              : flhandls.obj (.bss)
                  0031aec4    00000001              : open.obj (.bss)
                  0031aec5    00000001              : write.obj (.bss)
                  0031aec6    00000004              : topenlnk.obj (.bss)
                  0031aeca    00000001              : printf.obj (.bss)
                  0031aecb    00000001              : scanf.obj (.bss)
                  0031aecc    00000043              : stdfiles.obj (.bss)
                  0031af0f    00000013              : fileops.obj (.bss)
                  0031af22    00000001              : filedoalloc.obj (.bss)
                  0031af23    00000001              : iovsprintf.obj (.bss)
                  0031af24    00000011              : strops.obj (.bss)
                  0031af35    00000001              : iofopen.obj (.bss)
                  0031af36    00000005              : iofclose.obj (.bss)
                  0031af3b    00000016              : iovfscanf.obj (.bss)
                  0031af51    00000002              : ioungetc.obj (.bss)
                  0031af53    00000019              : iovfprintf.obj (.bss)
                  0031af6c    00000004              : ioperror.obj (.bss)
                  0031af70    00000002              : cleanup.obj (.bss)
                  0031af72    00000001              : read.obj (.bss)
                  0031af73    00000001              : lseek.obj (.bss)
                  0031af74    00000001              : fstat.obj (.bss)
                  0031af75    00000002              : genops.obj (.bss)
                  0031af77    00000022              : iopadn.obj (.bss)
                  0031af99    00000002              : iofprintf.obj (.bss)
                  0031af9b    00000081     trig.lib : t_debug.obj (.bss)
                  0031b01c    00000003              : t_font.obj (.bss)
                  0031b01f    00000005              : t_font2.obj (.bss)
                  0031b024    00000001              : t_gc.obj (.bss)
                  0031b025    00000003              : t_clut.obj (.bss)
                  0031b028    00000005              : font.obj (.bss)
                  0031b02d    00000003              : initwin.obj (.bss)
                  0031b030    00000001              : 32to32.obj (.bss)
                  0031b031    00000007              : 32to8.obj (.bss)
                  0031b038    00000004              : clr2d.obj (.bss)
                  0031b03c    00000003              : line.obj (.bss)
                  0031b03f    00000003              : pixel.obj (.bss)
                  0031b042    00000202              : t_clip2D.obj (.bss)
                  0031b244    00000006     tdm435.lib : default.obj (.bss)
                  0031b24a    00000001                : capture.obj (.bss)
                  0031b24b    00000008                : register.obj (.bss)
                  0031b253    00000001                : ints.obj (.bss)
                  0031b254    00000438                : tdm435.obj (.bss)
                  0031b68c    00000022                : regaddrs.obj (.bss)
                  0031b6ae    00000001     prts40.lib : rst_vect.obj (.bss)
                  0031b6af    00000001                : set_ivtp.obj (.bss)
                  0031b6b0    00000001                : set_vect.obj (.bss)
                  0031b6b1    00000003                : alarm.obj (.bss)
                  0031b6b4    0000002d                : int_ivtp.obj (.bss)
                  0031b6e1    00000006                : rec_msg.obj (.bss)
                  0031b6e7    00000007                : send_msg.obj (.bss)
                  0031b6ee    00000001                : t_start.obj (.bss)
                  0031b6ef    00000001                : t_stop.obj (.bss)
                  0031b6f0    00000003                : chk_dma.obj (.bss)
                  0031b6f3    00000006                : cpvars.obj (.bss)
                  0031b6f9    00000054                : dmavars.obj (.bss)
                  0031b74d    00000004     pace.lib : memory.obj (.bss)
                  0031b751    00000001              : strerror.obj (.bss)
                  0031b752    00000002              : strtol.obj (.bss)
                  0031b754    00000005     comport.lib : comport.obj (.bss)
                  0031b759    00000002                 : inicport.obj (.bss)
                  0031b75b    00000008                 : c40.obj (.bss)
                  0031b763    00000002     tops.lib : fgetc.obj (.bss)

.text      0    0031b765    000052c5     
                  0031b765    00000025     AF00039.OXL (.text)
                  0031b78a    00000000     comport.lib : inicport.obj (.text)
                  0031b78a    00000000     prts40.lib : dmavars.obj (.text)
                  0031b78a    00000000                : cpvars.obj (.text)
                  0031b78a    00000000                : intvars.obj (.text)
                  0031b78a    00000000                : int_ivtp.obj (.text)
                  0031b78a    00000000     tdm435.lib : regaddrs.obj (.text)
                  0031b78a    00000000     tops.lib : stdfiles.obj (.text)
                  0031b78a    00000000     pace.lib : ctype.obj (.text)
                  0031b78a    00000000              : errno.obj (.text)
                  0031b78a    00000093     stat.obj (.text)
                  0031b81d    000004de     graph.obj (.text)
                  0031bcfb    00000033     esiee.obj (.text)
                  0031bd2e    00000160     videodev.obj (.text)
                  0031be8e    00000174     deriche.obj (.text)
                  0031c002    0000008a     threshol.obj (.text)
                  0031c08c    0000022e     fc.obj (.text)
                  0031c2ba    0000009d     main.obj (.text)
                  0031c357    00000030     pace.lib : boot.obj (.text)
                  0031c387    00000024              : divi.obj (.text)
                  0031c3ab    00000032              : divu.obj (.text)
                  0031c3dd    00000015              : sqrt30.obj (.text)
                  0031c3f2    00000003              : atof.obj (.text)
                  0031c3f5    0000002b              : exit.obj (.text)
                  0031c420    00000031              : exp.obj (.text)
                  0031c451    00000093              : strtod.obj (.text)
                  0031c4e4    00000010              : toxxx.obj (.text)
                  0031c4f4    00000035              : startup.obj (.text)
                  0031c529    0000000e              : start.obj (.text)
                  0031c537    0000000a              : invf.obj (.text)
                  0031c541    00000016              : ldexp30.obj (.text)
                  0031c557    00000031              : isxxx.obj (.text)
                  0031c588    000000b4              : pow.obj (.text)
                  0031c63c    00000020              : strtok.obj (.text)
                  0031c65c    00000011              : frexp30.obj (.text)
                  0031c66d    00000011              : strcspn.obj (.text)
                  0031c67e    00000010              : strspn.obj (.text)
                  0031c68e    0000002a     tops.lib : close.obj (.text)
                  0031c6b8    00000046              : flhandls.obj (.text)
                  0031c6fe    00000039              : open.obj (.text)
                  0031c737    00000060              : write.obj (.text)
                  0031c797    00000156              : pack.obj (.text)
                  0031c8ed    0000014a              : unpack.obj (.text)
                  0031ca37    0000004b              : topenlnk.obj (.text)
                  0031ca82    0000000d              : printf.obj (.text)
                  0031ca8f    0000000e              : scanf.obj (.text)
                  0031ca9d    0000000d              : fscanf.obj (.text)
                  0031caaa    00000002              : perror.obj (.text)
                  0031caac    00000002              : fclose.obj (.text)
                  0031caae    0000000c              : sprintf.obj (.text)
                  0031caba    00000002              : fopen.obj (.text)
                  0031cabc    0000001d              : exitterm.obj (.text)
                  0031cad9    000002e2              : fileops.obj (.text)
                  0031cdbb    0000000a              : ioprims.obj (.text)
                  0031cdc5    00000031              : filedoalloc.obj (.text)
                  0031cdf6    0000002a              : iovsprintf.obj (.text)
                  0031ce20    00000111              : strops.obj (.text)
                  0031cf31    00000025              : iofopen.obj (.text)
                  0031cf56    00000022              : iofclose.obj (.text)
                  0031cf78    00000340              : iovfscanf.obj (.text)
                  0031d2b8    0000000f              : ioungetc.obj (.text)
                  0031d2c7    00000459              : iovfprintf.obj (.text)
                  0031d720    0000001c              : ioperror.obj (.text)
                  0031d73c    00000002              : iostrerror.obj (.text)
                  0031d73e    00000004              : cleanup.obj (.text)
                  0031d742    00000062              : read.obj (.text)
                  0031d7a4    00000034              : lseek.obj (.text)
                  0031d7d8    0000004c              : fstat.obj (.text)
                  0031d824    00000020              : isatty.obj (.text)
                  0031d844    00000357              : genops.obj (.text)
                  0031db9b    0000003d              : iopadn.obj (.text)
                  0031dbd8    00000014              : iofprintf.obj (.text)
                  0031dbec    0000001c     trig.lib : t_debug.obj (.text)
                  0031dc08    0000013c              : t_font.obj (.text)
                  0031dd44    00000200              : t_font2.obj (.text)
                  0031df44    00000096              : t_gc.obj (.text)
                  0031dfda    000000f8              : t_rect.obj (.text)
                  0031e0d2    0000009c              : t_win2.obj (.text)
                  0031e16e    000001dc              : t_clut.obj (.text)
                  0031e34a    000000f4              : t_disp.obj (.text)
                  0031e43e    00000093              : t_gc2.obj (.text)
                  0031e4d1    00000038              : t_capt.obj (.text)
                  0031e509    00000012              : t_new.obj (.text)
                  0031e51b    00000244              : font.obj (.text)
                  0031e75f    000001c3              : font2.obj (.text)
                  0031e922    00000032              : rect.obj (.text)
                  0031e954    00000025              : initdisp.obj (.text)
                  0031e979    000000bc              : initwin.obj (.text)
                  0031ea35    00000015              : freefont.obj (.text)
                  0031ea4a    00000020              : gc_font.obj (.text)
                  0031ea6a    0000007c              : 32to32.obj (.text)
                  0031eae6    0000038b              : 32to8.obj (.text)
                  0031ee71    0000006d              : clr2d.obj (.text)
                  0031eede    00000131              : t_line.obj (.text)
                  0031f00f    0000038e              : line.obj (.text)
                  0031f39d    000000dd              : pixel.obj (.text)
                  0031f47a    0000032f              : t_clip2D.obj (.text)
                  0031f7a9    000000d9              : t_util1.obj (.text)
                  0031f882    0000000e     tdm435.lib : display.obj (.text)
                  0031f890    0000048d                : default.obj (.text)
                  0031fd1d    0000020a                : capture.obj (.text)
                  0031ff27    00000203                : register.obj (.text)
                  0032012a    00000018                : d_new.obj (.text)
                  00320142    00000030                : ints.obj (.text)
                  00320172    000002df                : tdm435.obj (.text)
                  00320451    00000006                : c40reg.obj (.text)
                  00320457    00000005     prts40.lib : rst_iie.obj (.text)
                  0032045c    00000008                : rst_vect.obj (.text)
                  00320464    00000005                : set_iie.obj (.text)
                  00320469    00000007                : set_ivtp.obj (.text)
                  00320470    00000009                : set_vect.obj (.text)
                  00320479    0000000d                : alarm.obj (.text)
                  00320486    00000034                : rec_msg.obj (.text)
                  003204ba    0000003b                : send_msg.obj (.text)
                  003204f5    00000006                : t_start.obj (.text)
                  003204fb    00000007                : t_stop.obj (.text)
                  00320502    00000023                : die_set.obj (.text)
                  00320525    0000000e                : chk_dma.obj (.text)
                  00320533    0000000b     pace.lib : modf30.obj (.text)
                  0032053e    00000021              : modi.obj (.text)
                  0032055f    00000029              : modu.obj (.text)
                  00320588    00000016              : memmov.obj (.text)
                  0032059e    0000017c              : memory.obj (.text)
                  0032071a    00000002              : strerror.obj (.text)
                  0032071c    00000098              : strtol.obj (.text)
                  003207b4    00000081              : strtoul.obj (.text)
                  00320835    0000000d              : memcpy.obj (.text)
                  00320842    0000011e     comport.lib : comport.obj (.text)
                  00320960    0000005e                 : c40.obj (.text)
                  003209be    0000001d     tops.lib : getenv.obj (.text)
                  003209db    00000015              : fgetc.obj (.text)
                  003209f0    0000000c              : fprintf.obj (.text)
                  003209fc    0000002e     pace.lib : atoi.obj (.text)

.sysmem    0    00320a2a    00040000     UNINITIALIZED
                  00320a2a    00000001     pace.lib : memory.obj (.sysmem)

.core      0    00360a2a    00001e56     
                  00360a2a    00001e56     pipe.obx (.core)


GLOBAL SYMBOLS

address  name                             address  name
-------- ----                             -------- ----
00310000 .bss                             00004000 __STACK_SIZE
0030e852 .data                            00040000 __SYSMEM_SIZE
0031b765 .text                            00300000 __vector
0031c387 DIV_I40                          00300040 cinit
0031c3ab DIV_U40                          0030a852 __stack
0031c537 INV_F40                          0030e852 .data
0032053e MOD_I40                          0030e853 __params
0032055f MOD_U40                          0030e958 edata
0031b765 _AF00039                         00310000 .bss
00310000 _CLOCK_PER_SEC                   00310000 _CLOCK_PER_SEC
0031bee2 _Deriche                         00310001 _nb_frame_out
0031c053 _Double_Threshold                00310002 _msg_stat
00319cef _EDRAM_addr                      00310066 _nb_frame_in
0031be8e _Normalisation                   00310067 _clock_1s
00360a2a _Pipe                            00310068 _Stat
00310068 _Stat                            00310072 _scr_width
0031b695 _TDM435_32_overlay_adr           00310073 _scr_height
0031b68e _TDM435_32_vram_adr_a            00310087 _frame
0031b68f _TDM435_32_vram_adr_b            00310088 _big_font
0031b694 _TDM435_8_overlay_adr            00310089 _overlay
0031b68c _TDM435_8_vram_adr_a             0031008a _font_gc
0031b68d _TDM435_8_vram_adr_b             0031008b _display
0031b6a7 _TDM435_AV9110                   0031008c _blue
0031b698 _TDM435_BT252_adr                0031008d _red
0031b69a _TDM435_BT252_commd              0031008e _big_font_gc
0031b699 _TDM435_BT252_d_pal              0031008f _green
0031b69b _TDM435_BT261_adr                00310090 _font
0031b69c _TDM435_BT261_d_pal              00310091 _black
0031b6a3 _TDM435_BT477_commd              003100ad _logo_esiee
0031b6a2 _TDM435_BT477_d_ovl              00319cee _frame_addr
0031b69e _TDM435_BT477_d_pal              00319cef _EDRAM_addr
0031b69f _TDM435_BT477_r_msk              00319cf0 _frame_height
0031b6a4 _TDM435_BT477_r_ovl              00319cf1 _frame_width
0031b6a0 _TDM435_BT477_r_pal              00319cf2 _stride
0031b6a1 _TDM435_BT477_w_ovl              0031ad19 _errno
0031b69d _TDM435_BT477_w_pal              0031ad57 __idrom
0031b6a5 _TDM435_LM1882_A                 0031ad58 __node_number
0031b6a6 _TDM435_LM1882_B                 0031ad59 __boot_chan
0031b6a8 _TDM435_VCAPTURE_1               0031ad9a __broadcast_mask
0031b6a9 _TDM435_VCAPTURE_2               0031ad9e __gTerminator
0031b6ad _TDM435_VCOMMAND                 0031adac __ctypes_
0031b6ac _TDM435_VCONTROL                 0031aeae _fdtab
0031b6aa _TDM435_VDISPLAY_1               0031aec6 _gTopsMsg
0031b6ab _TDM435_VDISPLAY_2               0031aecc __IO_stdin_
0031b697 _TDM435_overlay_col              0031aee2 __IO_stdout_
0031b696 _TDM435_overlay_mask             0031aef8 __IO_stderr_
0031b692 _TDM435_vram_col_a               0031af0e __IO_list_all
0031b693 _TDM435_vram_col_b               0031af0f __IO_file_jumps
0031b690 _TDM435_vram_mask_a              0031af24 __IO_str_jumps
0031b691 _TDM435_vram_mask_b              0031af70 __IO_cleanup_registration_needed
0031da8c __IO_adjust_column               0031af9b _sw_debug
0031af70 __IO_cleanup_registration_needed 0031af9c _sw_trace
0031cdc1 __IO_close                       0031af9d _sw_error
0031da31 __IO_default_doallocate          0031af9e _sw_mem
0031da55 __IO_default_finish              0031b68c _TDM435_8_vram_adr_a
0031db3f __IO_default_pbackfail           0031b68d _TDM435_8_vram_adr_b
0031db97 __IO_default_read                0031b68e _TDM435_32_vram_adr_a
0031da69 __IO_default_seekoff             0031b68f _TDM435_32_vram_adr_b
0031da2d __IO_default_seekpos             0031b690 _TDM435_vram_mask_a
0031db93 __IO_default_seek                0031b691 _TDM435_vram_mask_b
0031da01 __IO_default_setbuf              0031b692 _TDM435_vram_col_a
0031db95 __IO_default_stat                0031b693 _TDM435_vram_col_b
0031da53 __IO_default_sync                0031b694 _TDM435_8_overlay_adr
0031d97d __IO_default_underflow           0031b695 _TDM435_32_overlay_adr
0031db99 __IO_default_write               0031b696 _TDM435_overlay_mask
0031d9be __IO_default_xsgetn              0031b697 _TDM435_overlay_col
0031d97f __IO_default_xsputn              0031b698 _TDM435_BT252_adr
0031cba6 __IO_do_write                    0031b699 _TDM435_BT252_d_pal
0031d96b __IO_doallocbuf                  0031b69a _TDM435_BT252_commd
0031cf56 __IO_fclose                      0031b69b _TDM435_BT261_adr
0031cb68 __IO_file_attach                 0031b69c _TDM435_BT261_d_pal
0031cae1 __IO_file_close_it               0031b69d _TDM435_BT477_w_pal
0031cd2e __IO_file_close                  0031b69e _TDM435_BT477_d_pal
0031cdc5 __IO_file_doallocate             0031b69f _TDM435_BT477_r_msk
0031cb0d __IO_file_finish                 0031b6a0 _TDM435_BT477_r_pal
0031cb16 __IO_file_fopen                  0031b6a1 _TDM435_BT477_w_ovl
0031cad9 __IO_file_init                   0031b6a2 _TDM435_BT477_d_ovl
0031af0f __IO_file_jumps                  0031b6a3 _TDM435_BT477_commd
0031cc25 __IO_file_overflow               0031b6a4 _TDM435_BT477_r_ovl
0031cd23 __IO_file_read                   0031b6a5 _TDM435_LM1882_A
0031cd28 __IO_file_seek                   0031b6a6 _TDM435_LM1882_B
0031cc8e __IO_file_seekoff                0031b6a7 _TDM435_AV9110
0031cb91 __IO_file_setbuf                 0031b6a8 _TDM435_VCAPTURE_1
0031cd2b __IO_file_stat                   0031b6a9 _TDM435_VCAPTURE_2
0031cc6f __IO_file_sync                   0031b6aa _TDM435_VDISPLAY_1
0031cbec __IO_file_underflow              0031b6ab _TDM435_VDISPLAY_2
0031cd31 __IO_file_write                  0031b6ac _TDM435_VCONTROL
0031cd53 __IO_file_xsputn                 0031b6ad _TDM435_VCOMMAND
0031daa7 __IO_flush_all                   0031b6b4 _int_vect_buf
0031daba __IO_flush_all_linebuffered      0031b6e0 _ivtp_buf
0031cf31 __IO_fopen                       0031b6f3 _msg_size
0031dbd8 __IO_fprintf                     0031b6f9 _auto_tab
0031d8af __IO_free_backup_area            0031b759 _comport_init_list
0031cdc3 __IO_fstat                       0031b765 end
0031da9d __IO_get_column                  0031b765 .text
0031dacb __IO_init_marker                 0031b765 _AF00039
0031da42 __IO_init                        0031b78a _inc_nb_frame_in
0031d862 __IO_least_marker                0031b79b _print_stat
0031d859 __IO_link_in                     0031b7c6 _frame_stat
0031af0e __IO_list_all                    0031b7e0 _start_stat
0031cdbf __IO_lseek                       0031b7fb _stop_stat
0031dafb __IO_marker_delta                0031b807 _sync_stat
0031daf5 __IO_marker_difference           0031b81d _print_centered
0031db32 __IO_nobackup_pbackfail          0031b864 _print_right
0031db9b __IO_padn                        0031b8b2 _draw_banner
0031d720 __IO_perror                      0031b8bd _draw_title
0031cdbb __IO_read                        0031b8ca _draw_presentation
0031dae2 __IO_remove_marker               0031b8d9 _update
0031db0d __IO_seekmark                    0031b90b _load
0031da88 __IO_set_column                  0031b9e8 _init_graphic
0031d94e __IO_setb                        0031bb28 _clr_target
0031d9ba __IO_sgetn                       0031bb46 _start_capture
0031da6b __IO_sputbackc                   0031bb57 _stop_capture
0031aef8 __IO_stderr_                     0031bb67 _display_VRAM_B
0031aecc __IO_stdin_                      0031bb78 _capture_single_frame
0031aee2 __IO_stdout_                     0031bbbb _draw_frame
0031ceda __IO_str_count                   0031bbfa _half_left_screenshot_2_file
0031cf23 __IO_str_finish                  0031bc51 _write_frame_2_file
0031ce51 __IO_str_init_readonly           0031bc94 _write_result_2_file
0031ce20 __IO_str_init_static             0031bccb _write_screen_2_file
0031af24 __IO_str_jumps                   0031bcfb _draw_logo_esiee
0031ce5a __IO_str_overflow                0031bd2e _do_video_copy_EDRAM
0031cf1b __IO_str_pbackfail               0031bd7c _do_video_dma_comport
0031cee0 __IO_str_seekoff                 0031bdad _do_video_commport
0031cec2 __IO_str_underflow               0031bde8 _do_video_reverse
0031d73c __IO_strerror                    0031be18 _do_video_mirror
0031da7b __IO_sungetc                     0031be5d _do_deriche
0031d87c __IO_switch_to_backup_area       0031be8e _Normalisation
0031d88a __IO_switch_to_get_mode          0031bee2 _Deriche
0031d86e __IO_switch_to_main_get_area     0031c002 _create_border
0031d9f9 __IO_sync                        0031c053 _Double_Threshold
0031d844 __IO_un_link                     0031c08c _find_extrems_neighbour_4
0031d2b8 __IO_ungetc                      0031c0e7 _resolve_equivalence
0031db2d __IO_unsave_markers              0031c12f _contour_closing
0031d31f __IO_vfprintf                    0031c2ba _print_menu
0031cf78 __IO_vfscanf                     0031c2fe _main
0031cdf6 __IO_vsprintf                    0031c357 _c_int00
0031cdbd __IO_write                       0031c387 DIV_I40
00004000 __STACK_SIZE                     0031c3ab DIV_U40
00040000 __SYSMEM_SIZE                    0031c3dd _sqrt
0031ca74 __TOPSCloseLink                  0031c3f2 _atof
0031ca37 __TOPSInitLink                   0031c3f5 _exit
0031ca51 __TOPSOpenLink                   0031c408 _atexit
0031d591 ___cvt_double                    0031c41d _abort
0031d8bc ___overflow                      0031c420 _exp
0031d8c0 ___underflow                     0031c451 _strtod
0031ad59 __boot_chan                      0031c4e4 _tolower
0031ad9a __broadcast_mask                 0031c4eb _toupper
0031adac __ctypes_                        0031c4f2 _toascii
0031ad9e __gTerminator                    0031c4f4 __start
0031ad57 __idrom                          0031c529 __pace_start
0031ad58 __node_number                    0031c537 INV_F40
0031c529 __pace_start                     0031c541 _ldexp
0030e853 __params                         0031c557 _isalnum
0030a852 __stack                          0031c55b _isalpha
0031c4f4 __start                          0031c55f _isascii
00320a2a __sys_memory                     0031c563 _iscntrl
0031dbec __t_check_rv                     0031c567 _isdigit
00300000 __vector                         0031c56b _isgraph
0031c41d _abort                           0031c56f _islower
00320479 _alarm                           0031c573 _isprint
0031c6b8 _alloc_file_handle               0031c578 _ispunct
0031c408 _atexit                          0031c57c _isspace
0031c3f2 _atof                            0031c580 _isupper
003209fc _atoi                            0031c584 _isxdigit
00320a28 _atol                            0031c588 _pow
0031b6f9 _auto_tab                        0031c63c _strtok
0031008e _big_font_gc                     0031c65c _frexp
00310088 _big_font                        0031c66d _strcspn
00310091 _black                           0031c67e _strspn
0031008c _blue                            0031c68e _close
003206d3 _bmalloc                         0031c6b8 _alloc_file_handle
003209ab _c40_comport_init                0031c6d0 _free_file_handle
0031c357 _c_int00                         0031c6d8 _realloc_file_handle
0032061d _calloc                          0031c6e5 _lookup_file_handle
0031bb78 _capture_single_frame            0031c6fe _open
00320525 _chk_dma                         0031c737 _write
00310067 _clock_1s                        0031c797 _pack_string
0031c68e _close                           0031c7ca _pack_word
0031bb28 _clr_target                      0031c810 _pack_int
0032090c _comport_close                   0031c856 _pack_short
0031b759 _comport_init_list               0031c89d _pack_char
003208c0 _comport_open                    0031c8d0 _tops_flush
00320942 _comport_read_word               0031c8ed _unpack_string
00320921 _comport_read                    0031c924 _unpack_word
00320957 _comport_reset                   0031c969 _unpack_int
00320937 _comport_write48                 0031c9ae _unpack_short
0032092c _comport_write                   0031c9f3 _unpack_char
00320948 _comport_write_word              0031ca37 __TOPSInitLink
0031c12f _contour_closing                 0031ca51 __TOPSOpenLink
0031c002 _create_border                   0031ca74 __TOPSCloseLink
0031eecd _d_clr2D_32                      0031ca82 _printf
0031ee71 _d_clr2D_8                       0031ca8f _scanf
00320342 _d_clr_disp_TDM435_frame         0031ca9d _fscanf
0032038a _d_clr_disp_TDM435_overlay       0031caaa _perror
00320379 _d_clr_display_frame             0031caac _fclose
003203b6 _d_clr_display_overlay           0031caae _sprintf
0031e731 _d_cp_letter                     0031caba _fopen
0031e6c3 _d_draw_letter                   0031cabc _tops_terminate
0031f00f _d_draw_line_bres_x              0031cad1 _exit_terminate
0031f142 _d_draw_line_bres_y              0031cad9 __IO_file_init
0031f277 _d_draw_line_horizontal          0031cae1 __IO_file_close_it
0031f375 _d_draw_line                     0031cb0d __IO_file_finish
0031f2f5 _d_draw_line_vertical            0031cb16 __IO_file_fopen
0031f419 _d_draw_pixel32                  0031cb68 __IO_file_attach
0031f466 _d_draw_pixel                    0031cb91 __IO_file_setbuf
0031f45a _d_draw_pixel_col                0031cba6 __IO_do_write
0031f3d7 _d_draw_pixel8                   0031cbec __IO_file_underflow
0031e922 _d_fill_rect                     0031cc25 __IO_file_overflow
0031f882 _d_free_display                  0031cc6f __IO_file_sync
0031e9f6 _d_free_window                   0031cc8e __IO_file_seekoff
0031fd4f _d_get_capture_frame             0031cd23 __IO_file_read
00320453 _d_get_iif                       0031cd28 __IO_file_seek
00320455 _d_iack                          0031cd2b __IO_file_stat
0032021a _d_init_disp_TDM435              0031cd2e __IO_file_close
003202fc _d_init_display                  0031cd31 __IO_file_write
0031e9d4 _d_init_frame                    0031cd53 __IO_file_xsputn
00320142 _d_init_ints                     0031cdbb __IO_read
0031e652 _d_init_letter                   0031cdbd __IO_write
0031e9ac _d_init_overlay                  0031cdbf __IO_lseek
0031e979 _d_init_window                   0031cdc1 __IO_close
003201ef _d_install_TDM435_capture_clut   0031cdc3 __IO_fstat
0032019f _d_install_TDM435_frame_clut     0031cdc5 __IO_file_doallocate
00320172 _d_install_TDM435_ovl_clut       0031cdf6 __IO_vsprintf
00320209 _d_install_capture_clut          0031ce20 __IO_str_init_static
003201cd _d_install_clut                  0031ce51 __IO_str_init_readonly
003201de _d_install_ovl_clut              0031ce5a __IO_str_overflow
0031ff78 _d_load_AV9110_reg               0031cec2 __IO_str_underflow
003200c5 _d_load_BT252_pal                0031ceda __IO_str_count
003200de _d_load_BT252_reg                0031cee0 __IO_str_seekoff
00320102 _d_load_BT261_reg                0031cf1b __IO_str_pbackfail
00320071 _d_load_BT477_ovl                0031cf23 __IO_str_finish
0032009a _d_load_BT477_pal                0031cf31 __IO_fopen
0031ff27 _d_load_LM1882_reg               0031cf56 __IO_fclose
0031ffa1 _d_load_VCAPTURE_reg             0031cf78 __IO_vfscanf
00320009 _d_load_VDISPLAY_reg             0031d2b8 __IO_ungetc
0031e5ed _d_load_font                     0031d31f __IO_vfprintf
0031ea6a _d_mv2D_32to32                   0031d591 ___cvt_double
0031ecb6 _d_mv2D_32to8_and                0031d720 __IO_perror
0031ec35 _d_mv2D_32to8_norm               0031d73c __IO_strerror
0031eb8f _d_mv2D_32to8_nval               0031d742 _read
0031ed30 _d_mv2D_32to8_or                 0031d7a4 _lseek
0031eafa _d_mv2D_32to8_val                0031d7d8 _fstat
0031ee3f _d_mv2D_32to8                    0031d824 _isatty
0031ed99 _d_mv2D_32to8_xor                0031d844 __IO_un_link
0032012a _d_new_display                   0031d859 __IO_link_in
0031eae6 _d_pack32                        0031d862 __IO_least_marker
0031f3ca _d_read_pixel32                  0031d86e __IO_switch_to_main_get_area
0031f442 _d_read_pixel                    0031d87c __IO_switch_to_backup_area
0031f39d _d_read_pixel8                   0031d88a __IO_switch_to_get_mode
0031e5d9 _d_read_vdata                    0031d8af __IO_free_backup_area
0031e56f _d_read_vdispatch                0031d8bc ___overflow
0031e51b _d_read_vhdr                     0031d8c0 ___underflow
0031e887 _d_refx_letter                   0031d94e __IO_setb
0031e84d _d_refy_letter                   0031d96b __IO_doallocbuf
0031e7b6 _d_rot180_letter                 0031d97d __IO_default_underflow
0031e7f5 _d_rot270_letter                 0031d97f __IO_default_xsputn
0031e75f _d_rot90_letter                  0031d9ba __IO_sgetn
0031e8bf _d_scale_letter                  0031d9be __IO_default_xsgetn
0031ff0b _d_select_capture_sync           0031d9f9 __IO_sync
0031feeb _d_select_capture_video          0031da01 __IO_default_setbuf
0031fca0 _d_set_capture_NTSC              0031da2d __IO_default_seekpos
0031fb25 _d_set_capture_PAL               0031da31 __IO_default_doallocate
0031fd79 _d_set_capture_disable           0031da42 __IO_init
0031fd61 _d_set_capture_enable            0031da53 __IO_default_sync
0031fd1d _d_set_capture_frame             0031da55 __IO_default_finish
0031fd98 _d_set_capture_interlace         0031da69 __IO_default_seekoff
0031fed8 _d_set_capture_range             0031da6b __IO_sputbackc
0031fe08 _d_set_capture_window            0031da7b __IO_sungetc
00320309 _d_set_disp_TDM435_frame         0031da88 __IO_set_column
0031f9f6 _d_set_display_1K                0031da8c __IO_adjust_column
0031fc48 _d_set_display_NTSC              0031da9d __IO_get_column
0031fa72 _d_set_display_PAL               0031daa7 __IO_flush_all
0031f890 _d_set_display_VGA               0031daba __IO_flush_all_linebuffered
003203df _d_set_display_disable           0031dacb __IO_init_marker
003203c7 _d_set_display_enable            0031dae2 __IO_remove_marker
00320332 _d_set_display_frame             0031daf5 __IO_marker_difference
00320427 _d_set_display_interlace         0031dafb __IO_marker_delta
0031f942 _d_set_display_superVGA          0031db0d __IO_seekmark
00320451 _d_set_iif                       0031db2d __IO_unsave_markers
0031e69d _d_set_letter_color              0031db32 __IO_nobackup_pbackfail
0032040f _d_set_overlay_disable           0031db3f __IO_default_pbackfail
003203f7 _d_set_overlay_enable            0031db93 __IO_default_seek
0031fec1 _d_swap_capture_field            0031db95 __IO_default_stat
00320440 _d_wait_Vsync                    0031db97 __IO_default_read
0032045c _deinstall_int_vector            0031db99 __IO_default_write
0031bb67 _display_VRAM_B                  0031db9b __IO_padn
0031008b _display                         0031dbd8 __IO_fprintf
00320502 _dma_sync_set                    0031dbec __t_check_rv
0031be5d _do_deriche                      0031dc08 _t_init_font
0031bdad _do_video_commport               0031dc70 _t_load_font
0031bd2e _do_video_copy_EDRAM             0031dc8e _t_set_font_color
0031bd7c _do_video_dma_comport            0031dcb2 _t_get_font_color
0031be18 _do_video_mirror                 0031dcbe _t_get_font_txt_box
0031bde8 _do_video_reverse                0031dd1b _t_get_font_txt_delta
0031b8b2 _draw_banner                     0031dd44 _t_draw_str_spc
0031bbbb _draw_frame                      0031de19 _t_draw_str
0031bcfb _draw_logo_esiee                 0031de1f _t_draw_char
0031b8ca _draw_presentation               0031de3a _t_draw_int
0031b8bd _draw_title                      0031de55 _t_draw_double
0031ad19 _errno                           0031de7a _t_set_font_rotate
0031c3f5 _exit                            0031debc _t_set_font_reflect
0031cad1 _exit_terminate                  0031dee9 _t_set_font_scale
0031c420 _exp                             0031df0e _t_get_font_reflect
0031caac _fclose                          0031df1a _t_get_font_rotate
0031aeae _fdtab                           0031df22 _t_get_font_scale
003209db _fgetc                           0031df2e _t_set_font_user
0031c08c _find_extrems_neighbour_4        0031df32 _t_get_font_user
0031008a _font_gc                         0031df3b _t_get_font_status
00310090 _font                            0031df44 _t_init_gc
0031caba _fopen                           0031df57 _t_set_gc_draw_color
003209f0 _fprintf                         0031df5a _t_get_gc_draw_color
00310087 _frame                           0031df66 _t_set_gc_draw_mode
00319cee _frame_addr                      0031df69 _t_get_gc_draw_mode
00319cf0 _frame_height                    0031df71 _t_set_gc_txt_spc
0031b7c6 _frame_stat                      0031df75 _t_get_gc_txt_spc
00319cf1 _frame_width                     0031df81 _t_set_gc_txt_mode
00320685 _free                            0031df84 _t_get_gc_txt_mode
0031c6d0 _free_file_handle                0031df8c _t_set_gc_txt_orientation
0031c65c _frexp                           0031df8f _t_get_gc_txt_orientation
0031ca9d _fscanf                          0031df97 _t_set_gc_user
0031d7d8 _fstat                           0031df9a _t_get_gc_status
0031aec6 _gTopsMsg                        0031dfa2 _t_get_gc_user
003209be _getenv                          0031dfaa _t_set_gc_bezier_control
0031008f _green                           0031dfb9 _t_get_gc_bezier_control
0031bbfa _half_left_screenshot_2_file     0031dfc5 _t_set_gc_font
0031b78a _inc_nb_frame_in                 0031dfc8 _t_get_gc_font
0031b9e8 _init_graphic                    0031dfcf _t_free_gc
00320470 _install_int_vector              0031dfda _t_clip2D_rect
0031b6b4 _int_vect_buf                    0031e012 _t_draw_rect_noclip
0031c557 _isalnum                         0031e067 _t_draw_rect
0031c55b _isalpha                         0031e088 _t_fill_rect_noclip
0031c55f _isascii                         0031e0b1 _t_fill_rect
0031d824 _isatty                          0031e0d2 _t_get_window
0031c563 _iscntrl                         0031e0f8 _t_get_window_status
0031c567 _isdigit                         0031e0ff _t_set_window_user
0031c56b _isgraph                         0031e102 _t_get_window_user
0031c56f _islower                         0031e109 _t_set_window_txt_cursor
0031c573 _isprint                         0031e117 _t_get_window_txt_cursor
0031c578 _ispunct                         0031e123 _t_set_window_grap_cursor
0031c57c _isspace                         0031e131 _t_get_window_grap_cursor
0031c580 _isupper                         0031e13d _t_set_window_color
0031c584 _isxdigit                        0031e140 _t_get_window_color
0031b6e0 _ivtp_buf                        0031e147 _t_get_window_clut
0031c541 _ldexp                           0031e14e _t_set_window_clut
0031b90b _load                            0031e151 _t_rm_window_clut
003100ad _logo_esiee                      0031e154 _t_get_window_addr
0031c6e5 _lookup_file_handle              0031e16e _t_chk_clut_range
0031d7a4 _lseek                           0031e18f _t_init_clut_color
0031c2fe _main                            0031e1b6 _t_init_clut_rgb
003205ee _malloc                          0031e1e0 _t_init_grey_clut
00320835 _memcpy                          0031e207 _t_init_red_clut
00320588 _memmove                         0031e22a _t_init_green_clut
003205e7 _minit                           0031e24e _t_init_blue_clut
00320533 _modf                            0031e272 _t_init_pseudo_clut
0031b6f3 _msg_size                        0031e2a0 _t_set_clut_rgb
00310002 _msg_stat                        0031e2bf _t_get_clut_rgb
00310066 _nb_frame_in                     0031e2de _t_set_clut_color
00310001 _nb_frame_out                    0031e2f9 _t_get_clut_color
0031c6fe _open                            0031e30b _t_get_clut_status
00310089 _overlay                         0031e317 _t_get_clut_user
0031c89d _pack_char                       0031e323 _t_set_clut_user
0031c810 _pack_int                        0031e32b _t_install_clut
0031c856 _pack_short                      0031e333 _t_install_ovl_clut
0031c797 _pack_string                     0031e33b _t_install_capture_clut
0031c7ca _pack_word                       0031e343 _t_free_clut
0031caaa _perror                          0031e34a _t_set_display
0031c588 _pow                             0031e35b _t_set_display_VGA
0031b81d _print_centered                  0031e369 _t_set_display_superVGA
0031c2ba _print_menu                      0031e377 _t_set_display_1K
0031b864 _print_right                     0031e384 _t_set_display_PAL
0031b79b _print_stat                      0031e392 _t_set_display_NTSC
0031ca82 _printf                          0031e3a0 _t_get_display
0031d742 _read                            0031e3bf _t_get_display_status
0032062d _realloc                         0031e3ca _t_set_display_frame
0031c6d8 _realloc_file_handle             0031e3dc _t_get_display_frame
00320486 _receive_msg                     0031e3e7 _t_get_display_overlay
0031008d _red                             0031e3f2 _t_free_display
00320457 _reset_iie                       0031e3fa _t_clr_display_frame
0031c0e7 _resolve_equivalence             0031e408 _t_clr_display_overlay
0031ca8f _scanf                           0031e416 _t_set_display_enable
00310073 _scr_height                      0031e41e _t_set_display_disable
00310072 _scr_width                       0031e426 _t_set_overlay_enable
003204ba _send_msg                        0031e42e _t_set_overlay_disable
00320464 _set_iie                         0031e436 _t_wait_Vsync
00320469 _set_ivtp                        0031e43e _t_load_gc_font
0031caae _sprintf                         0031e459 _t_free_gc_font
0031c3dd _sqrt                            0031e466 _t_get_gc_font_txt_box
0031bb46 _start_capture                   0031e473 _t_get_gc_font_txt_delta
0031b7e0 _start_stat                      0031e480 _t_set_gc_font_rotate
0031bb57 _stop_capture                    0031e489 _t_set_gc_font_reflect
0031b7fb _stop_stat                       0031e492 _t_set_gc_font_scale
0031c66d _strcspn                         0031e49b _t_get_gc_font_reflect
0032071a _strerror                        0031e4a4 _t_get_gc_font_rotate
00319cf2 _stride                          0031e4ad _t_get_gc_font_scale
0031c67e _strspn                          0031e4b6 _t_set_gc_font_user
0031c451 _strtod                          0031e4bf _t_get_gc_font_user
0031c63c _strtok                          0031e4c8 _t_get_gc_font_status
0032071c _strtol                          0031e4d1 _t_set_capture_frame
003207b4 _strtoul                         0031e4d9 _t_get_capture_frame
0031af9b _sw_debug                        0031e4e1 _t_set_capture_disable
0031af9d _sw_error                        0031e4e9 _t_set_capture_enable
0031af9e _sw_mem                          0031e4f1 _t_set_capture_interlace
0031af9c _sw_trace                        0031e4f9 _t_swap_capture_field
0031b807 _sync_stat                       0031e501 _t_set_capture_range
0031f7a9 _t_calc_grad                     0031e509 _t_new_display
0031f7f3 _t_calc_intersect_grad           0031e50b _t_new_gc
0031f83a _t_calc_intersect_line           0031e50f _t_new_window
0031f7df _t_calc_midpoint                 0031e513 _t_new_clut
0031e16e _t_chk_clut_range                0031e517 _t_new_font
0031f4a2 _t_clip2D_line                   0031e51b _d_read_vhdr
0031f76c _t_clip2D_poly                   0031e56f _d_read_vdispatch
0031dfda _t_clip2D_rect                   0031e5d9 _d_read_vdata
0031e3fa _t_clr_display_frame             0031e5ed _d_load_font
0031e408 _t_clr_display_overlay           0031e652 _d_init_letter
0031de1f _t_draw_char                     0031e69d _d_set_letter_color
0031de55 _t_draw_double                   0031e6c3 _d_draw_letter
0031de3a _t_draw_int                      0031e731 _d_cp_letter
0031eff1 _t_draw_line                     0031e75f _d_rot90_letter
0031eede _t_draw_line_bres_x              0031e7b6 _d_rot180_letter
0031ef2e _t_draw_line_bres_y              0031e7f5 _d_rot270_letter
0031ef7f _t_draw_line_horizontal          0031e84d _d_refy_letter
0031efcd _t_draw_line_noclip              0031e887 _d_refx_letter
0031efa6 _t_draw_line_vertical            0031e8bf _d_scale_letter
0031e012 _t_draw_rect_noclip              0031e922 _d_fill_rect
0031e067 _t_draw_rect                     0031e954 _t_init_display
0031dd44 _t_draw_str_spc                  0031e979 _d_init_window
0031de19 _t_draw_str                      0031e9ac _d_init_overlay
0031e088 _t_fill_rect_noclip              0031e9d4 _d_init_frame
0031e0b1 _t_fill_rect                     0031e9f6 _d_free_window
0031e343 _t_free_clut                     0031ea0d _t_init_window
0031e3f2 _t_free_display                  0031ea11 _t_init_frame
0031ea35 _t_free_font                     0031ea15 _t_init_overlay
0031dfcf _t_free_gc                       0031ea19 _t_free_window
0031e459 _t_free_gc_font                  0031ea35 _t_free_font
0031ea19 _t_free_window                   0031ea4a _t_set_gc_txt_color
0031e4d9 _t_get_capture_frame             0031ea54 _t_get_gc_txt_color
0031e2f9 _t_get_clut_color                0031ea6a _d_mv2D_32to32
0031e2bf _t_get_clut_rgb                  0031eae6 _d_pack32
0031e30b _t_get_clut_status               0031eafa _d_mv2D_32to8_val
0031e317 _t_get_clut_user                 0031eb8f _d_mv2D_32to8_nval
0031e3dc _t_get_display_frame             0031ec35 _d_mv2D_32to8_norm
0031e3e7 _t_get_display_overlay           0031ecb6 _d_mv2D_32to8_and
0031e3bf _t_get_display_status            0031ed30 _d_mv2D_32to8_or
0031e3a0 _t_get_display                   0031ed99 _d_mv2D_32to8_xor
0031dcb2 _t_get_font_color                0031ee3f _d_mv2D_32to8
0031df0e _t_get_font_reflect              0031ee71 _d_clr2D_8
0031df1a _t_get_font_rotate               0031eecd _d_clr2D_32
0031df22 _t_get_font_scale                0031eede _t_draw_line_bres_x
0031df3b _t_get_font_status               0031ef2e _t_draw_line_bres_y
0031dcbe _t_get_font_txt_box              0031ef7f _t_draw_line_horizontal
0031dd1b _t_get_font_txt_delta            0031efa6 _t_draw_line_vertical
0031df32 _t_get_font_user                 0031efcd _t_draw_line_noclip
0031dfb9 _t_get_gc_bezier_control         0031eff1 _t_draw_line
0031df5a _t_get_gc_draw_color             0031f00f _d_draw_line_bres_x
0031df69 _t_get_gc_draw_mode              0031f142 _d_draw_line_bres_y
0031e49b _t_get_gc_font_reflect           0031f277 _d_draw_line_horizontal
0031e4a4 _t_get_gc_font_rotate            0031f2f5 _d_draw_line_vertical
0031e4ad _t_get_gc_font_scale             0031f375 _d_draw_line
0031e4c8 _t_get_gc_font_status            0031f39d _d_read_pixel8
0031e466 _t_get_gc_font_txt_box           0031f3ca _d_read_pixel32
0031e473 _t_get_gc_font_txt_delta         0031f3d7 _d_draw_pixel8
0031e4bf _t_get_gc_font_user              0031f419 _d_draw_pixel32
0031dfc8 _t_get_gc_font                   0031f442 _d_read_pixel
0031df9a _t_get_gc_status                 0031f45a _d_draw_pixel_col
0031ea54 _t_get_gc_txt_color              0031f466 _d_draw_pixel
0031df84 _t_get_gc_txt_mode               0031f4a2 _t_clip2D_line
0031df8f _t_get_gc_txt_orientation        0031f76c _t_clip2D_poly
0031df75 _t_get_gc_txt_spc                0031f7a9 _t_calc_grad
0031dfa2 _t_get_gc_user                   0031f7df _t_calc_midpoint
0031e154 _t_get_window_addr               0031f7f3 _t_calc_intersect_grad
0031e147 _t_get_window_clut               0031f83a _t_calc_intersect_line
0031e0d2 _t_get_window                    0031f882 _d_free_display
0031e140 _t_get_window_color              0031f890 _d_set_display_VGA
0031e131 _t_get_window_grap_cursor        0031f942 _d_set_display_superVGA
0031e0f8 _t_get_window_status             0031f9f6 _d_set_display_1K
0031e117 _t_get_window_txt_cursor         0031fa72 _d_set_display_PAL
0031e102 _t_get_window_user               0031fb25 _d_set_capture_PAL
0031e24e _t_init_blue_clut                0031fc48 _d_set_display_NTSC
0031e18f _t_init_clut_color               0031fca0 _d_set_capture_NTSC
0031e1b6 _t_init_clut_rgb                 0031fd1d _d_set_capture_frame
0031e954 _t_init_display                  0031fd4f _d_get_capture_frame
0031dc08 _t_init_font                     0031fd61 _d_set_capture_enable
0031ea11 _t_init_frame                    0031fd79 _d_set_capture_disable
0031df44 _t_init_gc                       0031fd98 _d_set_capture_interlace
0031e22a _t_init_green_clut               0031fe08 _d_set_capture_window
0031e1e0 _t_init_grey_clut                0031fec1 _d_swap_capture_field
0031ea15 _t_init_overlay                  0031fed8 _d_set_capture_range
0031e272 _t_init_pseudo_clut              0031feeb _d_select_capture_video
0031e207 _t_init_red_clut                 0031ff0b _d_select_capture_sync
0031ea0d _t_init_window                   0031ff27 _d_load_LM1882_reg
0031e33b _t_install_capture_clut          0031ff78 _d_load_AV9110_reg
0031e32b _t_install_clut                  0031ffa1 _d_load_VCAPTURE_reg
0031e333 _t_install_ovl_clut              00320009 _d_load_VDISPLAY_reg
0031dc70 _t_load_font                     00320071 _d_load_BT477_ovl
0031e43e _t_load_gc_font                  0032009a _d_load_BT477_pal
0031e513 _t_new_clut                      003200c5 _d_load_BT252_pal
0031e509 _t_new_display                   003200de _d_load_BT252_reg
0031e517 _t_new_font                      00320102 _d_load_BT261_reg
0031e50b _t_new_gc                        0032012a _d_new_display
0031e50f _t_new_window                    00320142 _d_init_ints
0031e151 _t_rm_window_clut                00320151 _t_wait_display_vblank
0031e4e1 _t_set_capture_disable           00320159 _t_wait_capture_vblank
0031e4e9 _t_set_capture_enable            00320164 _t_wait_capture_hblank
0031e4d1 _t_set_capture_frame             0032016b _t_wait_display_hblank
0031e4f1 _t_set_capture_interlace         00320172 _d_install_TDM435_ovl_clut
0031e501 _t_set_capture_range             0032019f _d_install_TDM435_frame_clut
0031e2de _t_set_clut_color                003201cd _d_install_clut
0031e2a0 _t_set_clut_rgb                  003201de _d_install_ovl_clut
0031e323 _t_set_clut_user                 003201ef _d_install_TDM435_capture_clut
0031e377 _t_set_display_1K                00320209 _d_install_capture_clut
0031e34a _t_set_display                   0032021a _d_init_disp_TDM435
0031e392 _t_set_display_NTSC              003202fc _d_init_display
0031e384 _t_set_display_PAL               00320309 _d_set_disp_TDM435_frame
0031e35b _t_set_display_VGA               00320332 _d_set_display_frame
0031e41e _t_set_display_disable           00320342 _d_clr_disp_TDM435_frame
0031e416 _t_set_display_enable            00320379 _d_clr_display_frame
0031e3ca _t_set_display_frame             0032038a _d_clr_disp_TDM435_overlay
0031e369 _t_set_display_superVGA          003203b6 _d_clr_display_overlay
0031dc8e _t_set_font_color                003203c7 _d_set_display_enable
0031debc _t_set_font_reflect              003203df _d_set_display_disable
0031de7a _t_set_font_rotate               003203f7 _d_set_overlay_enable
0031dee9 _t_set_font_scale                0032040f _d_set_overlay_disable
0031df2e _t_set_font_user                 00320427 _d_set_display_interlace
0031dfaa _t_set_gc_bezier_control         00320440 _d_wait_Vsync
0031df57 _t_set_gc_draw_color             00320451 _d_set_iif
0031df66 _t_set_gc_draw_mode              00320453 _d_get_iif
0031e489 _t_set_gc_font_reflect           00320455 _d_iack
0031e480 _t_set_gc_font_rotate            00320457 _reset_iie
0031e492 _t_set_gc_font_scale             0032045c _deinstall_int_vector
0031dfc5 _t_set_gc_font                   00320464 _set_iie
0031e4b6 _t_set_gc_font_user              00320469 _set_ivtp
0031ea4a _t_set_gc_txt_color              00320470 _install_int_vector
0031df81 _t_set_gc_txt_mode               00320479 _alarm
0031df8c _t_set_gc_txt_orientation        00320486 _receive_msg
0031df71 _t_set_gc_txt_spc                003204ba _send_msg
0031df97 _t_set_gc_user                   003204f5 _time_start
0031e42e _t_set_overlay_disable           003204fb _time_stop
0031e426 _t_set_overlay_enable            00320502 _dma_sync_set
0031e14e _t_set_window_clut               00320525 _chk_dma
0031e13d _t_set_window_color              00320533 _modf
0031e123 _t_set_window_grap_cursor        0032053e MOD_I40
0031e109 _t_set_window_txt_cursor         0032055f MOD_U40
0031e0ff _t_set_window_user               00320588 _memmove
0031e4f9 _t_swap_capture_field            003205e7 _minit
0031e436 _t_wait_Vsync                    003205ee _malloc
00320164 _t_wait_capture_hblank           0032061d _calloc
00320159 _t_wait_capture_vblank           0032062d _realloc
0032016b _t_wait_display_hblank           00320685 _free
00320151 _t_wait_display_vblank           003206d3 _bmalloc
003204f5 _time_start                      0032071a _strerror
003204fb _time_stop                       0032071c _strtol
0031c4f2 _toascii                         003207b4 _strtoul
0031c4e4 _tolower                         00320835 _memcpy
0031c8d0 _tops_flush                      003208c0 _comport_open
0031cabc _tops_terminate                  0032090c _comport_close
0031c4eb _toupper                         00320921 _comport_read
0031c9f3 _unpack_char                     0032092c _comport_write
0031c969 _unpack_int                      00320937 _comport_write48
0031c9ae _unpack_short                    00320942 _comport_read_word
0031c8ed _unpack_string                   00320948 _comport_write_word
0031c924 _unpack_word                     00320957 _comport_reset
0031b8d9 _update                          003209ab _c40_comport_init
0031bc51 _write_frame_2_file              003209be _getenv
0031bc94 _write_result_2_file             003209db _fgetc
0031bccb _write_screen_2_file             003209f0 _fprintf
0031c737 _write                           003209fc _atoi
00300040 cinit                            00320a28 _atol
0030e958 edata                            00320a2a etext
0031b765 end                              00320a2a __sys_memory
00320a2a etext                            00360a2a _Pipe

[571 symbols]
